// Jest Snapshot v1, https://goo.gl/fbAQLP

exports[`AddIntern 1`] = `
[
  <style
    dangerouslySetInnerHTML={
      {
        "__html": ".css-l69x1g{width:-webkit-fit-content;width:-moz-fit-content;width:fit-content;display:-webkit-box;display:-webkit-flex;display:-ms-flexbox;display:flex;-webkit-flex-direction:column;-ms-flex-direction:column;flex-direction:column;-webkit-align-items:center;-webkit-box-align:center;-ms-flex-align:center;align-items:center;}.css-l69x1g .MuiTextField-root{margin-bottom:8px;width:25ch;}",
      }
    }
    data-emotion="css l69x1g"
  />,
  <form
    autoComplete="off"
    className="MuiBox-root css-l69x1g"
    noValidate={true}
    onSubmit={[Function]}
  >
    <style
      dangerouslySetInnerHTML={
        {
          "__html": ".css-1u3bzj6-MuiFormControl-root-MuiTextField-root{display:-webkit-inline-box;display:-webkit-inline-flex;display:-ms-inline-flexbox;display:inline-flex;-webkit-flex-direction:column;-ms-flex-direction:column;flex-direction:column;position:relative;min-width:0;padding:0;margin:0;border:0;vertical-align:top;}",
        }
      }
      data-emotion="css 1u3bzj6-MuiFormControl-root-MuiTextField-root"
    />
    <div
      className="MuiFormControl-root MuiTextField-root css-1u3bzj6-MuiFormControl-root-MuiTextField-root"
    >
      <style
        dangerouslySetInnerHTML={
          {
            "__html": ".css-1x92c1k-MuiInputLabel-root{display:block;transform-origin:top left;white-space:nowrap;overflow:hidden;text-overflow:ellipsis;max-width:calc(100% - 24px);position:absolute;left:0;top:0;-webkit-transform:translate(14px, 16px) scale(1);-moz-transform:translate(14px, 16px) scale(1);-ms-transform:translate(14px, 16px) scale(1);transform:translate(14px, 16px) scale(1);-webkit-transition:color 200ms cubic-bezier(0.0, 0, 0.2, 1) 0ms,-webkit-transform 200ms cubic-bezier(0.0, 0, 0.2, 1) 0ms,max-width 200ms cubic-bezier(0.0, 0, 0.2, 1) 0ms;transition:color 200ms cubic-bezier(0.0, 0, 0.2, 1) 0ms,transform 200ms cubic-bezier(0.0, 0, 0.2, 1) 0ms,max-width 200ms cubic-bezier(0.0, 0, 0.2, 1) 0ms;z-index:1;pointer-events:none;}",
          }
        }
        data-emotion="css 1x92c1k-MuiInputLabel-root"
      />
      <style
        dangerouslySetInnerHTML={
          {
            "__html": ".css-14s5rfu-MuiFormLabel-root-MuiInputLabel-root{color:rgba(0, 0, 0, 0.6);font-family:"Roboto","Helvetica","Arial",sans-serif;font-weight:400;font-size:1rem;line-height:1.4375em;letter-spacing:0.00938em;padding:0;position:relative;display:block;transform-origin:top left;white-space:nowrap;overflow:hidden;text-overflow:ellipsis;max-width:calc(100% - 24px);position:absolute;left:0;top:0;-webkit-transform:translate(14px, 16px) scale(1);-moz-transform:translate(14px, 16px) scale(1);-ms-transform:translate(14px, 16px) scale(1);transform:translate(14px, 16px) scale(1);-webkit-transition:color 200ms cubic-bezier(0.0, 0, 0.2, 1) 0ms,-webkit-transform 200ms cubic-bezier(0.0, 0, 0.2, 1) 0ms,max-width 200ms cubic-bezier(0.0, 0, 0.2, 1) 0ms;transition:color 200ms cubic-bezier(0.0, 0, 0.2, 1) 0ms,transform 200ms cubic-bezier(0.0, 0, 0.2, 1) 0ms,max-width 200ms cubic-bezier(0.0, 0, 0.2, 1) 0ms;z-index:1;pointer-events:none;}.css-14s5rfu-MuiFormLabel-root-MuiInputLabel-root.Mui-focused{color:#1976d2;}.css-14s5rfu-MuiFormLabel-root-MuiInputLabel-root.Mui-disabled{color:rgba(0, 0, 0, 0.38);}.css-14s5rfu-MuiFormLabel-root-MuiInputLabel-root.Mui-error{color:#d32f2f;}",
          }
        }
        data-emotion="css 14s5rfu-MuiFormLabel-root-MuiInputLabel-root"
      />
      <label
        className="MuiFormLabel-root MuiInputLabel-root MuiInputLabel-formControl MuiInputLabel-animated MuiInputLabel-sizeMedium MuiInputLabel-outlined MuiFormLabel-colorPrimary Mui-required MuiInputLabel-root MuiInputLabel-formControl MuiInputLabel-animated MuiInputLabel-sizeMedium MuiInputLabel-outlined css-14s5rfu-MuiFormLabel-root-MuiInputLabel-root"
        data-shrink={false}
        htmlFor="name"
        id="name-label"
      >
        Name
        <style
          dangerouslySetInnerHTML={
            {
              "__html": ".css-wgai2y-MuiFormLabel-asterisk.Mui-error{color:#d32f2f;}",
            }
          }
          data-emotion="css wgai2y-MuiFormLabel-asterisk"
        />
        <span
          aria-hidden={true}
          className="MuiFormLabel-asterisk MuiInputLabel-asterisk css-wgai2y-MuiFormLabel-asterisk"
        >
          â€‰
          *
        </span>
      </label>
      <style
        dangerouslySetInnerHTML={
          {
            "__html": "@-webkit-keyframes mui-auto-fill{from{display:block;}}@keyframes mui-auto-fill{from{display:block;}}@-webkit-keyframes mui-auto-fill-cancel{from{display:block;}}@keyframes mui-auto-fill-cancel{from{display:block;}}",
          }
        }
        data-emotion="css-global 1prfaxn"
      />
      <style
        dangerouslySetInnerHTML={
          {
            "__html": ".css-9ddj71-MuiInputBase-root-MuiOutlinedInput-root{font-family:"Roboto","Helvetica","Arial",sans-serif;font-weight:400;font-size:1rem;line-height:1.4375em;letter-spacing:0.00938em;color:rgba(0, 0, 0, 0.87);box-sizing:border-box;position:relative;cursor:text;display:-webkit-inline-box;display:-webkit-inline-flex;display:-ms-inline-flexbox;display:inline-flex;-webkit-align-items:center;-webkit-box-align:center;-ms-flex-align:center;align-items:center;position:relative;border-radius:4px;}.css-9ddj71-MuiInputBase-root-MuiOutlinedInput-root.Mui-disabled{color:rgba(0, 0, 0, 0.38);cursor:default;}.css-9ddj71-MuiInputBase-root-MuiOutlinedInput-root:hover .MuiOutlinedInput-notchedOutline{border-color:rgba(0, 0, 0, 0.87);}@media (hover: none){.css-9ddj71-MuiInputBase-root-MuiOutlinedInput-root:hover .MuiOutlinedInput-notchedOutline{border-color:rgba(0, 0, 0, 0.23);}}.css-9ddj71-MuiInputBase-root-MuiOutlinedInput-root.Mui-focused .MuiOutlinedInput-notchedOutline{border-color:#1976d2;border-width:2px;}.css-9ddj71-MuiInputBase-root-MuiOutlinedInput-root.Mui-error .MuiOutlinedInput-notchedOutline{border-color:#d32f2f;}.css-9ddj71-MuiInputBase-root-MuiOutlinedInput-root.Mui-disabled .MuiOutlinedInput-notchedOutline{border-color:rgba(0, 0, 0, 0.26);}",
          }
        }
        data-emotion="css 9ddj71-MuiInputBase-root-MuiOutlinedInput-root"
      />
      <div
        className="MuiInputBase-root MuiOutlinedInput-root MuiInputBase-colorPrimary MuiInputBase-formControl css-9ddj71-MuiInputBase-root-MuiOutlinedInput-root"
        onClick={[Function]}
      >
        <style
          dangerouslySetInnerHTML={
            {
              "__html": ".css-1t8l2tu-MuiInputBase-input-MuiOutlinedInput-input{font:inherit;letter-spacing:inherit;color:currentColor;padding:4px 0 5px;border:0;box-sizing:content-box;background:none;height:1.4375em;margin:0;-webkit-tap-highlight-color:transparent;display:block;min-width:0;width:100%;-webkit-animation-name:mui-auto-fill-cancel;animation-name:mui-auto-fill-cancel;-webkit-animation-duration:10ms;animation-duration:10ms;padding:16.5px 14px;}.css-1t8l2tu-MuiInputBase-input-MuiOutlinedInput-input::-webkit-input-placeholder{color:currentColor;opacity:0.42;-webkit-transition:opacity 200ms cubic-bezier(0.4, 0, 0.2, 1) 0ms;transition:opacity 200ms cubic-bezier(0.4, 0, 0.2, 1) 0ms;}.css-1t8l2tu-MuiInputBase-input-MuiOutlinedInput-input::-moz-placeholder{color:currentColor;opacity:0.42;-webkit-transition:opacity 200ms cubic-bezier(0.4, 0, 0.2, 1) 0ms;transition:opacity 200ms cubic-bezier(0.4, 0, 0.2, 1) 0ms;}.css-1t8l2tu-MuiInputBase-input-MuiOutlinedInput-input:-ms-input-placeholder{color:currentColor;opacity:0.42;-webkit-transition:opacity 200ms cubic-bezier(0.4, 0, 0.2, 1) 0ms;transition:opacity 200ms cubic-bezier(0.4, 0, 0.2, 1) 0ms;}.css-1t8l2tu-MuiInputBase-input-MuiOutlinedInput-input::-ms-input-placeholder{color:currentColor;opacity:0.42;-webkit-transition:opacity 200ms cubic-bezier(0.4, 0, 0.2, 1) 0ms;transition:opacity 200ms cubic-bezier(0.4, 0, 0.2, 1) 0ms;}.css-1t8l2tu-MuiInputBase-input-MuiOutlinedInput-input:focus{outline:0;}.css-1t8l2tu-MuiInputBase-input-MuiOutlinedInput-input:invalid{box-shadow:none;}.css-1t8l2tu-MuiInputBase-input-MuiOutlinedInput-input::-webkit-search-decoration{-webkit-appearance:none;}label[data-shrink=false]+.MuiInputBase-formControl .css-1t8l2tu-MuiInputBase-input-MuiOutlinedInput-input::-webkit-input-placeholder{opacity:0!important;}label[data-shrink=false]+.MuiInputBase-formControl .css-1t8l2tu-MuiInputBase-input-MuiOutlinedInput-input::-moz-placeholder{opacity:0!important;}label[data-shrink=false]+.MuiInputBase-formControl .css-1t8l2tu-MuiInputBase-input-MuiOutlinedInput-input:-ms-input-placeholder{opacity:0!important;}label[data-shrink=false]+.MuiInputBase-formControl .css-1t8l2tu-MuiInputBase-input-MuiOutlinedInput-input::-ms-input-placeholder{opacity:0!important;}label[data-shrink=false]+.MuiInputBase-formControl .css-1t8l2tu-MuiInputBase-input-MuiOutlinedInput-input:focus::-webkit-input-placeholder{opacity:0.42;}label[data-shrink=false]+.MuiInputBase-formControl .css-1t8l2tu-MuiInputBase-input-MuiOutlinedInput-input:focus::-moz-placeholder{opacity:0.42;}label[data-shrink=false]+.MuiInputBase-formControl .css-1t8l2tu-MuiInputBase-input-MuiOutlinedInput-input:focus:-ms-input-placeholder{opacity:0.42;}label[data-shrink=false]+.MuiInputBase-formControl .css-1t8l2tu-MuiInputBase-input-MuiOutlinedInput-input:focus::-ms-input-placeholder{opacity:0.42;}.css-1t8l2tu-MuiInputBase-input-MuiOutlinedInput-input.Mui-disabled{opacity:1;-webkit-text-fill-color:rgba(0, 0, 0, 0.38);}.css-1t8l2tu-MuiInputBase-input-MuiOutlinedInput-input:-webkit-autofill{-webkit-animation-duration:5000s;animation-duration:5000s;-webkit-animation-name:mui-auto-fill;animation-name:mui-auto-fill;}.css-1t8l2tu-MuiInputBase-input-MuiOutlinedInput-input:-webkit-autofill{border-radius:inherit;}",
            }
          }
          data-emotion="css 1t8l2tu-MuiInputBase-input-MuiOutlinedInput-input"
        />
        <input
          aria-invalid={false}
          autoFocus={false}
          className="MuiInputBase-input MuiOutlinedInput-input css-1t8l2tu-MuiInputBase-input-MuiOutlinedInput-input"
          data-testid="name-input"
          disabled={false}
          id="name"
          onAnimationStart={[Function]}
          onBlur={[Function]}
          onChange={[Function]}
          onFocus={[Function]}
          required={true}
          type="text"
          value=""
        />
        <style
          dangerouslySetInnerHTML={
            {
              "__html": ".css-rki20w-MuiOutlinedInput-notchedOutline{border-color:rgba(0, 0, 0, 0.23);}",
            }
          }
          data-emotion="css rki20w-MuiOutlinedInput-notchedOutline"
        />
        <style
          dangerouslySetInnerHTML={
            {
              "__html": ".css-1d3z3hw-MuiOutlinedInput-notchedOutline{text-align:left;position:absolute;bottom:0;right:0;top:-5px;left:0;margin:0;padding:0 8px;pointer-events:none;border-radius:inherit;border-style:solid;border-width:1px;overflow:hidden;min-width:0%;border-color:rgba(0, 0, 0, 0.23);}",
            }
          }
          data-emotion="css 1d3z3hw-MuiOutlinedInput-notchedOutline"
        />
        <fieldset
          aria-hidden={true}
          className="MuiOutlinedInput-notchedOutline css-1d3z3hw-MuiOutlinedInput-notchedOutline"
        >
          <style
            dangerouslySetInnerHTML={
              {
                "__html": ".css-yjsfm1{float:unset;width:auto;overflow:hidden;display:block;padding:0;height:11px;font-size:0.75em;visibility:hidden;max-width:0.01px;-webkit-transition:max-width 50ms cubic-bezier(0.0, 0, 0.2, 1) 0ms;transition:max-width 50ms cubic-bezier(0.0, 0, 0.2, 1) 0ms;white-space:nowrap;}.css-yjsfm1>span{padding-left:5px;padding-right:5px;display:inline-block;opacity:0;visibility:visible;}",
              }
            }
            data-emotion="css yjsfm1"
          />
          <legend
            className="css-yjsfm1"
          >
            <span>
              Name
              â€‰
              *
            </span>
          </legend>
        </fieldset>
      </div>
    </div>
    <div
      className="MuiFormControl-root MuiTextField-root css-1u3bzj6-MuiFormControl-root-MuiTextField-root"
    >
      <label
        className="MuiFormLabel-root MuiInputLabel-root MuiInputLabel-formControl MuiInputLabel-animated MuiInputLabel-sizeMedium MuiInputLabel-outlined MuiFormLabel-colorPrimary Mui-required MuiInputLabel-root MuiInputLabel-formControl MuiInputLabel-animated MuiInputLabel-sizeMedium MuiInputLabel-outlined css-14s5rfu-MuiFormLabel-root-MuiInputLabel-root"
        data-shrink={false}
        htmlFor="email"
        id="email-label"
      >
        Email
        <span
          aria-hidden={true}
          className="MuiFormLabel-asterisk MuiInputLabel-asterisk css-wgai2y-MuiFormLabel-asterisk"
        >
          â€‰
          *
        </span>
      </label>
      <style
        dangerouslySetInnerHTML={
          {
            "__html": "@-webkit-keyframes mui-auto-fill{from{display:block;}}@keyframes mui-auto-fill{from{display:block;}}@-webkit-keyframes mui-auto-fill-cancel{from{display:block;}}@keyframes mui-auto-fill-cancel{from{display:block;}}",
          }
        }
        data-emotion="css-global 1prfaxn"
      />
      <div
        className="MuiInputBase-root MuiOutlinedInput-root MuiInputBase-colorPrimary MuiInputBase-formControl css-9ddj71-MuiInputBase-root-MuiOutlinedInput-root"
        onClick={[Function]}
      >
        <input
          aria-invalid={false}
          autoFocus={false}
          className="MuiInputBase-input MuiOutlinedInput-input css-1t8l2tu-MuiInputBase-input-MuiOutlinedInput-input"
          data-testid="email-input"
          disabled={false}
          id="email"
          onAnimationStart={[Function]}
          onBlur={[Function]}
          onChange={[Function]}
          onFocus={[Function]}
          required={true}
          type="text"
          value=""
        />
        <fieldset
          aria-hidden={true}
          className="MuiOutlinedInput-notchedOutline css-1d3z3hw-MuiOutlinedInput-notchedOutline"
        >
          <legend
            className="css-yjsfm1"
          >
            <span>
              Email
              â€‰
              *
            </span>
          </legend>
        </fieldset>
      </div>
    </div>
    <div
      className="MuiFormControl-root MuiTextField-root css-1u3bzj6-MuiFormControl-root-MuiTextField-root"
    >
      <label
        className="MuiFormLabel-root MuiInputLabel-root MuiInputLabel-formControl MuiInputLabel-animated MuiInputLabel-sizeMedium MuiInputLabel-outlined MuiFormLabel-colorPrimary Mui-required MuiInputLabel-root MuiInputLabel-formControl MuiInputLabel-animated MuiInputLabel-sizeMedium MuiInputLabel-outlined css-14s5rfu-MuiFormLabel-root-MuiInputLabel-root"
        data-shrink={false}
        htmlFor="department"
        id="department-label"
      >
        Department
        <span
          aria-hidden={true}
          className="MuiFormLabel-asterisk MuiInputLabel-asterisk css-wgai2y-MuiFormLabel-asterisk"
        >
          â€‰
          *
        </span>
      </label>
      <style
        dangerouslySetInnerHTML={
          {
            "__html": "@-webkit-keyframes mui-auto-fill{from{display:block;}}@keyframes mui-auto-fill{from{display:block;}}@-webkit-keyframes mui-auto-fill-cancel{from{display:block;}}@keyframes mui-auto-fill-cancel{from{display:block;}}",
          }
        }
        data-emotion="css-global 1prfaxn"
      />
      <div
        className="MuiInputBase-root MuiOutlinedInput-root MuiInputBase-colorPrimary MuiInputBase-formControl css-9ddj71-MuiInputBase-root-MuiOutlinedInput-root"
        onClick={[Function]}
      >
        <input
          aria-invalid={false}
          autoFocus={false}
          className="MuiInputBase-input MuiOutlinedInput-input css-1t8l2tu-MuiInputBase-input-MuiOutlinedInput-input"
          data-testid="department-input"
          disabled={false}
          id="department"
          onAnimationStart={[Function]}
          onBlur={[Function]}
          onChange={[Function]}
          onFocus={[Function]}
          required={true}
          type="text"
          value=""
        />
        <fieldset
          aria-hidden={true}
          className="MuiOutlinedInput-notchedOutline css-1d3z3hw-MuiOutlinedInput-notchedOutline"
        >
          <legend
            className="css-yjsfm1"
          >
            <span>
              Department
              â€‰
              *
            </span>
          </legend>
        </fieldset>
      </div>
    </div>
    <div
      className="MuiFormControl-root MuiTextField-root css-1u3bzj6-MuiFormControl-root-MuiTextField-root"
    >
      <label
        className="MuiFormLabel-root MuiInputLabel-root MuiInputLabel-formControl MuiInputLabel-animated MuiInputLabel-sizeMedium MuiInputLabel-outlined MuiFormLabel-colorPrimary Mui-required MuiInputLabel-root MuiInputLabel-formControl MuiInputLabel-animated MuiInputLabel-sizeMedium MuiInputLabel-outlined css-14s5rfu-MuiFormLabel-root-MuiInputLabel-root"
        data-shrink={false}
        htmlFor="primaryNo"
        id="primaryNo-label"
      >
        Primary Number
        <span
          aria-hidden={true}
          className="MuiFormLabel-asterisk MuiInputLabel-asterisk css-wgai2y-MuiFormLabel-asterisk"
        >
          â€‰
          *
        </span>
      </label>
      <style
        dangerouslySetInnerHTML={
          {
            "__html": "@-webkit-keyframes mui-auto-fill{from{display:block;}}@keyframes mui-auto-fill{from{display:block;}}@-webkit-keyframes mui-auto-fill-cancel{from{display:block;}}@keyframes mui-auto-fill-cancel{from{display:block;}}",
          }
        }
        data-emotion="css-global 1prfaxn"
      />
      <div
        className="MuiInputBase-root MuiOutlinedInput-root MuiInputBase-colorPrimary MuiInputBase-formControl css-9ddj71-MuiInputBase-root-MuiOutlinedInput-root"
        onClick={[Function]}
      >
        <input
          aria-invalid={false}
          autoFocus={false}
          className="MuiInputBase-input MuiOutlinedInput-input css-1t8l2tu-MuiInputBase-input-MuiOutlinedInput-input"
          data-testid="primaryNo-input"
          disabled={false}
          id="primaryNo"
          onAnimationStart={[Function]}
          onBlur={[Function]}
          onChange={[Function]}
          onFocus={[Function]}
          required={true}
          type="text"
          value=""
        />
        <fieldset
          aria-hidden={true}
          className="MuiOutlinedInput-notchedOutline css-1d3z3hw-MuiOutlinedInput-notchedOutline"
        >
          <legend
            className="css-yjsfm1"
          >
            <span>
              Primary Number
              â€‰
              *
            </span>
          </legend>
        </fieldset>
      </div>
    </div>
    <style
      dangerouslySetInnerHTML={
        {
          "__html": ".css-1yu95zv-MuiButton-root{font-family:"Roboto","Helvetica","Arial",sans-serif;font-weight:500;font-size:0.875rem;line-height:1.75;letter-spacing:0.02857em;text-transform:uppercase;min-width:64px;padding:6px 16px;border-radius:4px;-webkit-transition:background-color 250ms cubic-bezier(0.4, 0, 0.2, 1) 0ms,box-shadow 250ms cubic-bezier(0.4, 0, 0.2, 1) 0ms,border-color 250ms cubic-bezier(0.4, 0, 0.2, 1) 0ms,color 250ms cubic-bezier(0.4, 0, 0.2, 1) 0ms;transition:background-color 250ms cubic-bezier(0.4, 0, 0.2, 1) 0ms,box-shadow 250ms cubic-bezier(0.4, 0, 0.2, 1) 0ms,border-color 250ms cubic-bezier(0.4, 0, 0.2, 1) 0ms,color 250ms cubic-bezier(0.4, 0, 0.2, 1) 0ms;color:#fff;background-color:#1976d2;box-shadow:0px 3px 1px -2px rgba(0,0,0,0.2),0px 2px 2px 0px rgba(0,0,0,0.14),0px 1px 5px 0px rgba(0,0,0,0.12);}.css-1yu95zv-MuiButton-root:hover{-webkit-text-decoration:none;text-decoration:none;background-color:#1565c0;box-shadow:0px 2px 4px -1px rgba(0,0,0,0.2),0px 4px 5px 0px rgba(0,0,0,0.14),0px 1px 10px 0px rgba(0,0,0,0.12);}@media (hover: none){.css-1yu95zv-MuiButton-root:hover{background-color:#1976d2;}}.css-1yu95zv-MuiButton-root:active{box-shadow:0px 5px 5px -3px rgba(0,0,0,0.2),0px 8px 10px 1px rgba(0,0,0,0.14),0px 3px 14px 2px rgba(0,0,0,0.12);}.css-1yu95zv-MuiButton-root.Mui-focusVisible{box-shadow:0px 3px 5px -1px rgba(0,0,0,0.2),0px 6px 10px 0px rgba(0,0,0,0.14),0px 1px 18px 0px rgba(0,0,0,0.12);}.css-1yu95zv-MuiButton-root.Mui-disabled{color:rgba(0, 0, 0, 0.26);box-shadow:none;background-color:rgba(0, 0, 0, 0.12);}",
        }
      }
      data-emotion="css 1yu95zv-MuiButton-root"
    />
    <style
      dangerouslySetInnerHTML={
        {
          "__html": ".css-sghohy-MuiButtonBase-root-MuiButton-root{display:-webkit-inline-box;display:-webkit-inline-flex;display:-ms-inline-flexbox;display:inline-flex;-webkit-align-items:center;-webkit-box-align:center;-ms-flex-align:center;align-items:center;-webkit-box-pack:center;-ms-flex-pack:center;-webkit-justify-content:center;justify-content:center;position:relative;box-sizing:border-box;-webkit-tap-highlight-color:transparent;background-color:transparent;outline:0;border:0;margin:0;border-radius:0;padding:0;cursor:pointer;-webkit-user-select:none;-moz-user-select:none;-ms-user-select:none;user-select:none;vertical-align:middle;-moz-appearance:none;-webkit-appearance:none;-webkit-text-decoration:none;text-decoration:none;color:inherit;font-family:"Roboto","Helvetica","Arial",sans-serif;font-weight:500;font-size:0.875rem;line-height:1.75;letter-spacing:0.02857em;text-transform:uppercase;min-width:64px;padding:6px 16px;border-radius:4px;-webkit-transition:background-color 250ms cubic-bezier(0.4, 0, 0.2, 1) 0ms,box-shadow 250ms cubic-bezier(0.4, 0, 0.2, 1) 0ms,border-color 250ms cubic-bezier(0.4, 0, 0.2, 1) 0ms,color 250ms cubic-bezier(0.4, 0, 0.2, 1) 0ms;transition:background-color 250ms cubic-bezier(0.4, 0, 0.2, 1) 0ms,box-shadow 250ms cubic-bezier(0.4, 0, 0.2, 1) 0ms,border-color 250ms cubic-bezier(0.4, 0, 0.2, 1) 0ms,color 250ms cubic-bezier(0.4, 0, 0.2, 1) 0ms;color:#fff;background-color:#1976d2;box-shadow:0px 3px 1px -2px rgba(0,0,0,0.2),0px 2px 2px 0px rgba(0,0,0,0.14),0px 1px 5px 0px rgba(0,0,0,0.12);}.css-sghohy-MuiButtonBase-root-MuiButton-root::-moz-focus-inner{border-style:none;}.css-sghohy-MuiButtonBase-root-MuiButton-root.Mui-disabled{pointer-events:none;cursor:default;}@media print{.css-sghohy-MuiButtonBase-root-MuiButton-root{-webkit-print-color-adjust:exact;color-adjust:exact;}}.css-sghohy-MuiButtonBase-root-MuiButton-root:hover{-webkit-text-decoration:none;text-decoration:none;background-color:#1565c0;box-shadow:0px 2px 4px -1px rgba(0,0,0,0.2),0px 4px 5px 0px rgba(0,0,0,0.14),0px 1px 10px 0px rgba(0,0,0,0.12);}@media (hover: none){.css-sghohy-MuiButtonBase-root-MuiButton-root:hover{background-color:#1976d2;}}.css-sghohy-MuiButtonBase-root-MuiButton-root:active{box-shadow:0px 5px 5px -3px rgba(0,0,0,0.2),0px 8px 10px 1px rgba(0,0,0,0.14),0px 3px 14px 2px rgba(0,0,0,0.12);}.css-sghohy-MuiButtonBase-root-MuiButton-root.Mui-focusVisible{box-shadow:0px 3px 5px -1px rgba(0,0,0,0.2),0px 6px 10px 0px rgba(0,0,0,0.14),0px 1px 18px 0px rgba(0,0,0,0.12);}.css-sghohy-MuiButtonBase-root-MuiButton-root.Mui-disabled{color:rgba(0, 0, 0, 0.26);box-shadow:none;background-color:rgba(0, 0, 0, 0.12);}",
        }
      }
      data-emotion="css sghohy-MuiButtonBase-root-MuiButton-root"
    />
    <button
      className="MuiButtonBase-root MuiButton-root MuiButton-contained MuiButton-containedPrimary MuiButton-sizeMedium MuiButton-containedSizeMedium MuiButton-root MuiButton-contained MuiButton-containedPrimary MuiButton-sizeMedium MuiButton-containedSizeMedium css-sghohy-MuiButtonBase-root-MuiButton-root"
      data-testid="submit"
      disabled={false}
      onBlur={[Function]}
      onContextMenu={[Function]}
      onDragLeave={[Function]}
      onFocus={[Function]}
      onKeyDown={[Function]}
      onKeyUp={[Function]}
      onMouseDown={[Function]}
      onMouseLeave={[Function]}
      onMouseUp={[Function]}
      onTouchEnd={[Function]}
      onTouchMove={[Function]}
      onTouchStart={[Function]}
      tabIndex={0}
      type="submit"
    >
      Submit
    </button>
  </form>,
]
`;
